// Jest Snapshot v1, https://goo.gl/fbAQLP

exports[`SettingsScreen renders correctly 1`] = `
<RCTScrollView
  style={
    Object {
      "backgroundColor": "#FFFFFF",
      "flex": 1,
      "paddingHorizontal": 16,
    }
  }
>
  <View>
    <TouchableOpacity
      onPress={[Function]}
      style={
        Array [
          Object {
            "alignItems": "center",
            "flex": 1,
            "flexDirection": "row",
            "justifyContent": "space-between",
            "paddingVertical": 18,
          },
          Object {
            "borderBottomColor": "#F0F0F0",
            "borderBottomWidth": 1.6,
          },
        ]
      }
    >
      <Text.Secondary
        numberOfLines={1}
      >
        About
      </Text.Secondary>
      <Ionicons
        color="#9CA6A0"
        name="ios-chevron-forward-outline"
        size={14}
      />
    </TouchableOpacity>
    <TouchableOpacity
      onPress={[Function]}
      style={
        Array [
          Object {
            "alignItems": "center",
            "flex": 1,
            "flexDirection": "row",
            "justifyContent": "space-between",
            "paddingVertical": 18,
          },
          Object {
            "borderBottomColor": "#F0F0F0",
            "borderBottomWidth": 1.6,
          },
        ]
      }
    >
      <Text.Secondary
        numberOfLines={1}
      >
        My data
      </Text.Secondary>
      <Ionicons
        color="#9CA6A0"
        name="ios-chevron-forward-outline"
        size={14}
      />
    </TouchableOpacity>
    <TouchableOpacity
      onPress={[Function]}
      style={
        Array [
          Object {
            "alignItems": "center",
            "flex": 1,
            "flexDirection": "row",
            "justifyContent": "space-between",
            "paddingVertical": 18,
          },
          Object {
            "borderBottomColor": "#F0F0F0",
            "borderBottomWidth": 1.6,
          },
        ]
      }
    >
      <Text.Secondary
        numberOfLines={1}
      >
        Notifications
      </Text.Secondary>
      <Ionicons
        color="#9CA6A0"
        name="ios-chevron-forward-outline"
        size={14}
      />
    </TouchableOpacity>
    <TouchableOpacity
      onPress={[Function]}
      style={
        Array [
          Object {
            "alignItems": "center",
            "flex": 1,
            "flexDirection": "row",
            "justifyContent": "space-between",
            "paddingVertical": 18,
          },
          Object {
            "borderBottomColor": "#F0F0F0",
            "borderBottomWidth": 1.6,
          },
        ]
      }
    >
      <Text.Secondary
        numberOfLines={1}
      >
        My Location
      </Text.Secondary>
      <Ionicons
        color="#9CA6A0"
        name="ios-chevron-forward-outline"
        size={14}
      />
    </TouchableOpacity>
    <TouchableOpacity
      onPress={[Function]}
      style={
        Array [
          Object {
            "alignItems": "center",
            "flex": 1,
            "flexDirection": "row",
            "justifyContent": "space-between",
            "paddingVertical": 18,
          },
          Object {
            "borderBottomColor": "#F0F0F0",
            "borderBottomWidth": 1.6,
          },
        ]
      }
    >
      <Text.Secondary
        numberOfLines={1}
      >
        Support us!
      </Text.Secondary>
      <Ionicons
        color="#9CA6A0"
        name="ios-chevron-forward-outline"
        size={14}
      />
    </TouchableOpacity>
    <TouchableOpacity
      onPress={[Function]}
      style={
        Array [
          Object {
            "alignItems": "center",
            "flex": 1,
            "flexDirection": "row",
            "justifyContent": "space-between",
            "paddingVertical": 18,
          },
          Object {
            "borderBottomColor": "#F0F0F0",
            "borderBottomWidth": 1.6,
          },
        ]
      }
    >
      <Text.Secondary
        numberOfLines={1}
      >
        NMF.earth
      </Text.Secondary>
      <Ionicons
        color="#9CA6A0"
        name="ios-chevron-forward-outline"
        size={14}
      />
    </TouchableOpacity>
    <TouchableOpacity
      onPress={[Function]}
      style={
        Array [
          Object {
            "alignItems": "center",
            "flex": 1,
            "flexDirection": "row",
            "justifyContent": "space-between",
            "paddingVertical": 18,
          },
          Object {
            "borderBottomColor": "#F0F0F0",
            "borderBottomWidth": 1.6,
          },
        ]
      }
    >
      <Text.Secondary
        numberOfLines={1}
      >
        Roadmap
      </Text.Secondary>
      <Ionicons
        color="#9CA6A0"
        name="ios-chevron-forward-outline"
        size={14}
      />
    </TouchableOpacity>
    <TouchableOpacity
      onPress={[Function]}
      style={
        Array [
          Object {
            "alignItems": "center",
            "flex": 1,
            "flexDirection": "row",
            "justifyContent": "space-between",
            "paddingVertical": 18,
          },
          Object {
            "borderBottomColor": "#F0F0F0",
            "borderBottomWidth": 1.6,
          },
        ]
      }
    >
      <Text.Secondary
        numberOfLines={1}
      >
        Help translation
      </Text.Secondary>
      <Ionicons
        color="#9CA6A0"
        name="ios-chevron-forward-outline"
        size={14}
      />
    </TouchableOpacity>
    <TouchableOpacity
      onPress={[Function]}
      style={
        Array [
          Object {
            "alignItems": "center",
            "flex": 1,
            "flexDirection": "row",
            "justifyContent": "space-between",
            "paddingVertical": 18,
          },
          Object {
            "borderBottomColor": "#F0F0F0",
            "borderBottomWidth": 1.6,
          },
        ]
      }
    >
      <Text.Secondary
        numberOfLines={1}
      >
        Feedback
      </Text.Secondary>
      <Ionicons
        color="#9CA6A0"
        name="ios-chevron-forward-outline"
        size={14}
      />
    </TouchableOpacity>
    <TouchableOpacity
      onPress={[Function]}
      style={
        Array [
          Object {
            "alignItems": "center",
            "flex": 1,
            "flexDirection": "row",
            "justifyContent": "space-between",
            "paddingVertical": 18,
          },
          Object {
            "borderBottomColor": "#F0F0F0",
            "borderBottomWidth": 1.6,
          },
        ]
      }
    >
      <Text.Secondary
        numberOfLines={1}
      >
        Terms of use
      </Text.Secondary>
      <Ionicons
        color="#9CA6A0"
        name="ios-chevron-forward-outline"
        size={14}
      />
    </TouchableOpacity>
    <TouchableOpacity
      onPress={[Function]}
      style={
        Array [
          Object {
            "alignItems": "center",
            "flex": 1,
            "flexDirection": "row",
            "justifyContent": "space-between",
            "paddingVertical": 18,
          },
        ]
      }
    >
      <Text.Secondary
        numberOfLines={1}
      >
        Languages
      </Text.Secondary>
      <Ionicons
        color="#9CA6A0"
        name="ios-chevron-forward-outline"
        size={14}
      />
    </TouchableOpacity>
  </View>
</RCTScrollView>
`;
