// Jest Snapshot v1, https://goo.gl/fbAQLP

exports[`BarCodeScanScreen renders correctly 1`] = `
<Text.Primary>
  Requesting for camera permission
</Text.Primary>
`;
