// Jest Snapshot v1, https://goo.gl/fbAQLP

exports[`BudgetScreen renders correctly 1`] = `
<RCTScrollView
  style={
    Object {
      "backgroundColor": "#FFFFFF",
      "flex": 1,
      "paddingHorizontal": 16,
    }
  }
>
  <View />
</RCTScrollView>
`;
